[36mvite v5.4.21 [32mbuilding for production...[36m[39m
[32mΓ£ô[39m 0 modules transformed.
npx : [31mx[39m Build 
failed in 41ms
At line:1 char:1
+ npx vite build > 
build_output.txt 2>&1
+ ~~~~~~~~~~~~~~~~~~~~~~~~
~~~~~~~~~~~~~~
    + CategoryInfo        
      : NotSpecified: (  
  [31mx[39m Build fail   
 ed in 41ms:String) []    
, RemoteException
    + FullyQualifiedError 
   Id : NativeCommandErr  
  or
 
[31merror during build:
[31m[vite:build-html] 
URI malformed[31m
file: [36mC:/Users/adham/
PLanning/index.html[31m
    at decodeURI 
(<anonymous>)
    at file:///C:/Users/ad
ham/PLanning/node_modules/
vite/dist/node/chunks/dep-
BK3b2jBa.js:35328:31
    at traverseNodes (file
:///C:/Users/adham/PLannin
g/node_modules/vite/dist/n
ode/chunks/dep-BK3b2jBa.js
:35085:3)
    at file:///C:/Users/ad
ham/PLanning/node_modules/
vite/dist/node/chunks/dep-
BK3b2jBa.js:35087:44
    at Array.forEach 
(<anonymous>)
    at traverseNodes (file
:///C:/Users/adham/PLannin
g/node_modules/vite/dist/n
ode/chunks/dep-BK3b2jBa.js
:35087:21)
    at file:///C:/Users/ad
ham/PLanning/node_modules/
vite/dist/node/chunks/dep-
BK3b2jBa.js:35087:44
    at Array.forEach 
(<anonymous>)
    at traverseNodes (file
:///C:/Users/adham/PLannin
g/node_modules/vite/dist/n
ode/chunks/dep-BK3b2jBa.js
:35087:21)
    at file:///C:/Users/ad
ham/PLanning/node_modules/
vite/dist/node/chunks/dep-
BK3b2jBa.js:35087:44[39m
